  console.log
    [dbPools] DEBUG: process.env.DB_HOST = localhost

      at Object.log (config/dbPools.js:20:9)

  console.log
    [dbPools] DEBUG: dbHost resolved to: localhost

      at Object.log (config/dbPools.js:21:9)

  console.log
    [dbPools] DEBUG: isCloudSQL = false

      at Object.log (config/dbPools.js:24:9)

node.exe : FAIL tests/interceptor.test.js
At line:1 char:1
+ & "C:\nvm4w\nodejs/node.exe" 
"C:\nvm4w\nodejs/node_modules/npm/bin/np 
...
+ ~~~~~~~~~~~~~~~~~~~~~~~~~~~~~~~~~~~~~~~~
~~~~~~~~~~~~~~~~~~~~~~~~~~~~~
    + CategoryInfo          : 
NotSpecified    : (FAIL 
tests/interceptor.test.js:Stri    ng) [], 
RemoteException
    + FullyQualifiedErrorId : 
NativeComman    dError
 
  ΓùÅ Billing Interceptor Boundary Rules 
ΓÇ║ Test 1: Ordering CBC (Included 
Diagnostic)

    PrismaClientValidationError: 
    Invalid `prisma.hospitals.create()` 
invocation in
    C:\Users\HP\.gemini\antigravity\scratc
h\wolf-hms-stable\server\tests\interceptor
.test.js:15:39

      12 
      13 beforeAll(async () => {
      14   // 0. Create dummy User and 
Hospital for foreign keys
    ΓåÆ 15   hospital = await 
prisma.hospitals.create({
             data: {
               name: "Interceptor Test 
Hospital",
               code: "TEST-01",
               contact_email: 
"test@wolf.com",
               ~~~~~~~~~~~~~
           ?   parent_hospital_id?: Int | 
Null,
           ?   branch_type?: String,
           ?   subdomain?: String | Null,
           ?   custom_domain?: String | 
Null,
           ?   logo_url?: String | Null,
           ?   primary_color?: String | 
Null,
           ?   secondary_color?: String | 
Null,
           ?   address?: String | Null,
           ?   city?: String | Null,
           ?   state?: String | Null,
           ?   country?: String | Null,
           ?   phone?: String | Null,
           ?   email?: String | Null,
           ?   settings?: 
NullableJsonNullValueInput | Json,
           ?   subscription_tier?: String 
| Null,
           ?   subscription_start?: 
DateTime | Null,
           ?   subscription_end?: 
DateTime | Null,
           ?   is_active?: Boolean | Null,
           ?   created_at?: DateTime | 
Null,
           ?   updated_at?: DateTime | 
Null,
           ?   bed_count?: Int | Null,
           ?   staff_count?: Int | Null,
           ?   pricing_tier?: String | 
Null,
           ?   hospital_name?: String | 
Null,
           ?   hospital_domain?: String | 
Null,
           ?   status?: String | Null,
           ?   subscription_plan?: String 
| Null,
           ?   slug?: String | Null,
           ?   tagline?: String | Null,
           ?   registration_no?: String | 
Null,
           ?   features?: 
NullableJsonNullValueInput | Json,
           ?   adjustments?: adjustmentsCr
eateNestedManyWithoutHospitalsInput,
           ?   admissions?: admissionsCrea
teNestedManyWithoutHospitalsInput,
           ?   api_usage_stats?: api_usage
_statsCreateNestedManyWithoutHospitalsInpu
t,
           ?   appointments?: appointments
CreateNestedManyWithoutHospitalsInput,
           ?   archive_logs?: archive_logs
CreateNestedManyWithoutHospitalsInput,
           ?   bed_history?: bed_historyCr
eateNestedManyWithoutHospitalsInput,
           ?   beds?: 
bedsCreateNestedManyWithoutHospitalsInput,
           ?   care_plan_templates?: care_
plan_templatesCreateNestedManyWithoutHospi
talsInput,
           ?   care_tasks?: care_tasksCrea
teNestedManyWithoutHospitalsInput,
           ?   chat_messages?: chat_messag
esCreateNestedManyWithoutHospitalsInput,
           ?   claim_scrub_results?: claim
_scrub_resultsCreateNestedManyWithoutHospi
talsInput,
           ?   controlled_substance_log?: 
controlled_substance_logCreateNestedManyWi
thoutHospitalsInput,
           ?   death_records?: death_recor
dsCreateNestedManyWithoutHospitalsInput,
           ?   dietary_orders?: dietary_or
dersCreateNestedManyWithoutHospitalsInput,
           ?   discharge_plans?: discharge
_plansCreateNestedManyWithoutHospitalsInpu
t,
           ?   domain_verifications?: doma
in_verificationsCreateNestedManyWithoutHos
pitalsInput,
           ?   emergency_logs?: emergency_
logsCreateNestedManyWithoutHospitalsInput,
           ?   fall_risk_assessments?: fal
l_risk_assessmentsCreateNestedManyWithoutH
ospitalsInput,
           ?   handoff_reports?: handoff_r
eportsCreateNestedManyWithoutHospitalsInpu
t,
           ?   hospital_admins?: hospital_
adminsCreateNestedManyWithoutHospitalsInpu
t,
           ?   hospital_app_builds?: hospi
tal_app_buildsCreateNestedManyWithoutHospi
talsInput,
           ?   hospital_assets?: hospital_
assetsCreateNestedManyWithoutHospitalsInpu
t,
           ?   hospital_audit_log?: hospit
al_audit_logCreateNestedManyWithoutHospita
lsInput,
           ?   hospital_branding?: hospita
l_brandingCreateNestedOneWithoutHospitalsI
nput,
           ?   insurance_claims?: insuranc
e_claimsCreateNestedManyWithoutHospitalsIn
put,
           ?   inventory_items?: inventory
_itemsCreateNestedManyWithoutHospitalsInpu
t,
           ?   invoice_items?: invoice_ite
msCreateNestedManyWithoutHospitalsInput,
           ?   invoices?: invoicesCreateNe
stedManyWithoutHospitalsInput,
           ?   lab_audit_log?: lab_audit_l
ogCreateNestedManyWithoutHospitalsInput,
           ?   lab_change_requests?: lab_c
hange_requestsCreateNestedManyWithoutHospi
talsInput,
           ?   lab_critical_alerts?: lab_c
ritical_alertsCreateNestedManyWithoutHospi
talsInput,
           ?   lab_orders?: lab_ordersCrea
teNestedManyWithoutHospitalsInput,
           ?   lab_package_items?: lab_pac
kage_itemsCreateNestedManyWithoutHospitals
Input,
           ?   lab_packages?: lab_packages
CreateNestedManyWithoutHospitalsInput,
           ?   lab_qc_materials?: lab_qc_m
aterialsCreateNestedManyWithoutHospitalsIn
put,
           ?   lab_qc_results?: lab_qc_res
ultsCreateNestedManyWithoutHospitalsInput,
           ?   lab_reagents?: lab_reagents
CreateNestedManyWithoutHospitalsInput,
           ?   lab_reference_ranges?: lab_
reference_rangesCreateNestedManyWithoutHos
pitalsInput,
           ?   lab_requests?: lab_requests
CreateNestedManyWithoutHospitalsInput,
           ?   lab_result_versions?: lab_r
esult_versionsCreateNestedManyWithoutHospi
talsInput,
           ?   lab_results?: lab_resultsCr
eateNestedManyWithoutHospitalsInput,
           ?   lab_test_types?: lab_test_t
ypesCreateNestedManyWithoutHospitalsInput,
           ?   mortuary_chambers?: mortuar
y_chambersCreateNestedManyWithoutHospitals
Input,
           ?   notification_preferences?: 
notification_preferencesCreateNestedManyWi
thoutHospitalsInput,
           ?   nursing_care_plans?: nursin
g_care_plansCreateNestedManyWithoutHospita
lsInput,
           ?   opd_queue?: opd_queueCreate
NestedManyWithoutHospitalsInput,
           ?   opd_visits?: opd_visitsCrea
teNestedManyWithoutHospitalsInput,
           ?   order_sets?: order_setsCrea
teNestedManyWithoutHospitalsInput,
           ?   parking_sessions?: parking_
sessionsCreateNestedManyWithoutHospitalsIn
put,
           ?   parking_violations?: parkin
g_violationsCreateNestedManyWithoutHospita
lsInput,
           ?   patient_care_plans?: patien
t_care_plansCreateNestedManyWithoutHospita
lsInput,
           ?   patient_consumables?: patie
nt_consumablesCreateNestedManyWithoutHospi
talsInput,
           ?   patients?: patientsCreateNe
stedManyWithoutHospitalsInput,
           ?   
payment_confirmation_settings?: payment_co
nfirmation_settingsCreateNestedOneWithoutH
ospitalsInput,
           ?   payment_settings?: payment_
settingsCreateNestedManyWithoutHospitalsIn
put,
           ?   payments?: paymentsCreateNe
stedManyWithoutHospitalsInput,
           ?   pending_charges?: pending_c
hargesCreateNestedManyWithoutHospitalsInpu
t,
           ?   pharmacy_refunds?: pharmacy
_refundsCreateNestedManyWithoutHospitalsIn
put,
           ?   pmjay_claims?: pmjay_claims
CreateNestedManyWithoutHospitalsInput,
           ?   
pmjay_hospital_empanelment?: pmjay_hospita
l_empanelmentCreateNestedOneWithoutHospita
lsInput,
           ?   pmjay_hospital_mappings?: p
mjay_hospital_mappingsCreateNestedManyWith
outHospitalsInput,
           ?   pmjay_package_usage?: pmjay
_package_usageCreateNestedManyWithoutHospi
talsInput,
           ?   po_items?: po_itemsCreateNe
stedManyWithoutHospitalsInput,
           ?   pos_transactions?: pos_tran
sactionsCreateNestedManyWithoutHospitalsIn
put,
           ?   prescriptions?: prescriptio
nsCreateNestedManyWithoutHospitalsInput,
           ?   purchase_orders?: purchase_
ordersCreateNestedManyWithoutHospitalsInpu
t,
           ?   radiology_orders?: radiolog
y_ordersCreateNestedManyWithoutHospitalsIn
put,
           ?   radiology_templates?: radio
logy_templatesCreateNestedManyWithoutHospi
talsInput,
           ?   reagent_usage_log?: reagent
_usage_logCreateNestedManyWithoutHospitals
Input,
           ?   role_permissions?: role_per
missionsCreateNestedManyWithoutHospitalsIn
put,
           ?   round_notes?: round_notesCr
eateNestedManyWithoutHospitalsInput,
           ?   security_checkpoints?: secu
rity_checkpointsCreateNestedManyWithoutHos
pitalsInput,
           ?   security_gates?: security_g
atesCreateNestedManyWithoutHospitalsInput,
           ?   security_incidents?: securi
ty_incidentsCreateNestedManyWithoutHospita
lsInput,
           ?   security_missions?: securit
y_missionsCreateNestedManyWithoutHospitals
Input,
           ?   shift_handoff_notes?: shift
_handoff_notesCreateNestedManyWithoutHospi
talsInput,
           ?   sms_settings?: sms_settings
CreateNestedOneWithoutHospitalsInput,
           ?   soap_notes?: soap_notesCrea
teNestedManyWithoutHospitalsInput,
           ?   suppliers?: suppliersCreate
NestedManyWithoutHospitalsInput,
           ?   surgery_blood_standards?: s
urgery_blood_standardsCreateNestedManyWith
outHospitalsInput,
           ?   tenant_integrations?: tenan
t_integrationsCreateNestedManyWithoutHospi
talsInput,
           ?   tenant_usage?: tenant_usage
CreateNestedManyWithoutHospitalsInput,
           ?   translations?: translations
CreateNestedManyWithoutHospitalsInput,
           ?   user_sessions?: user_sessio
nsCreateNestedManyWithoutHospitalsInput,
           ?   users?: usersCreateNestedMa
nyWithoutHospitalsInput,
           ?   vehicle_inspections?: vehic
le_inspectionsCreateNestedManyWithoutHospi
talsInput,
           ?   visitors?: visitorsCreateNe
stedManyWithoutHospitalsInput,
           ?   visits?: visitsCreateNested
ManyWithoutHospitalsInput,
           ?   vitals_logs?: vitals_logsCr
eateNestedManyWithoutHospitalsInput,
           ?   ward_consumables?: ward_con
sumablesCreateNestedManyWithoutHospitalsIn
put,
           ?   wards?: wardsCreateNestedMa
nyWithoutHospitalsInput,
           ?   webhooks?: webhooksCreateNe
stedManyWithoutHospitalsInput,
           ?   patient_links?: patient_lin
ksCreateNestedManyWithoutHospitalsInput,
           ?   edi_transmissions?: edi_tra
nsmissionsCreateNestedManyWithoutHospitals
Input,
           ?   dialysis_sessions?: dialysi
s_sessionsCreateNestedManyWithoutHospitals
Input
             }
           })

    Unknown argument `contact_email`. 
Available options are marked with ?.

      13 |   beforeAll(async () => {
      14 |     // 0. Create dummy User 
and Hospital for foreign keys
    > 15 |     hospital = await 
prisma.hospitals.create({
         |                ^
      16 |         data: {
      17 |              name: 
"Interceptor Test Hospital",
      18 |              code: "TEST-01",

      at wn (node_modules/@prisma/client/r
untime/library.js:29:1363)
      at $n.handleRequestError (node_modul
es/@prisma/client/runtime/library.js:121:6
958)
      at $n.handleAndLogRequestError (node
_modules/@prisma/client/runtime/library.js
:121:6623)
      at $n.request (node_modules/@prisma/
client/runtime/library.js:121:6307)
      at l (node_modules/@prisma/client/ru
ntime/library.js:130:9633)
      at Object.<anonymous> 
(tests/interceptor.test.js:15:16)

  ΓùÅ Billing Interceptor Boundary Rules 
ΓÇ║ Test 2: Ordering MRI (Not Included)

    PrismaClientValidationError: 
    Invalid `prisma.hospitals.create()` 
invocation in
    C:\Users\HP\.gemini\antigravity\scratc
h\wolf-hms-stable\server\tests\interceptor
.test.js:15:39

      12 
      13 beforeAll(async () => {
      14   // 0. Create dummy User and 
Hospital for foreign keys
    ΓåÆ 15   hospital = await 
prisma.hospitals.create({
             data: {
               name: "Interceptor Test 
Hospital",
               code: "TEST-01",
               contact_email: 
"test@wolf.com",
               ~~~~~~~~~~~~~
           ?   parent_hospital_id?: Int | 
Null,
           ?   branch_type?: String,
           ?   subdomain?: String | Null,
           ?   custom_domain?: String | 
Null,
           ?   logo_url?: String | Null,
           ?   primary_color?: String | 
Null,
           ?   secondary_color?: String | 
Null,
           ?   address?: String | Null,
           ?   city?: String | Null,
           ?   state?: String | Null,
           ?   country?: String | Null,
           ?   phone?: String | Null,
           ?   email?: String | Null,
           ?   settings?: 
NullableJsonNullValueInput | Json,
           ?   subscription_tier?: String 
| Null,
           ?   subscription_start?: 
DateTime | Null,
           ?   subscription_end?: 
DateTime | Null,
           ?   is_active?: Boolean | Null,
           ?   created_at?: DateTime | 
Null,
           ?   updated_at?: DateTime | 
Null,
           ?   bed_count?: Int | Null,
           ?   staff_count?: Int | Null,
           ?   pricing_tier?: String | 
Null,
           ?   hospital_name?: String | 
Null,
           ?   hospital_domain?: String | 
Null,
           ?   status?: String | Null,
           ?   subscription_plan?: String 
| Null,
           ?   slug?: String | Null,
           ?   tagline?: String | Null,
           ?   registration_no?: String | 
Null,
           ?   features?: 
NullableJsonNullValueInput | Json,
           ?   adjustments?: adjustmentsCr
eateNestedManyWithoutHospitalsInput,
           ?   admissions?: admissionsCrea
teNestedManyWithoutHospitalsInput,
           ?   api_usage_stats?: api_usage
_statsCreateNestedManyWithoutHospitalsInpu
t,
           ?   appointments?: appointments
CreateNestedManyWithoutHospitalsInput,
           ?   archive_logs?: archive_logs
CreateNestedManyWithoutHospitalsInput,
           ?   bed_history?: bed_historyCr
eateNestedManyWithoutHospitalsInput,
           ?   beds?: 
bedsCreateNestedManyWithoutHospitalsInput,
           ?   care_plan_templates?: care_
plan_templatesCreateNestedManyWithoutHospi
talsInput,
           ?   care_tasks?: care_tasksCrea
teNestedManyWithoutHospitalsInput,
           ?   chat_messages?: chat_messag
esCreateNestedManyWithoutHospitalsInput,
           ?   claim_scrub_results?: claim
_scrub_resultsCreateNestedManyWithoutHospi
talsInput,
           ?   controlled_substance_log?: 
controlled_substance_logCreateNestedManyWi
thoutHospitalsInput,
           ?   death_records?: death_recor
dsCreateNestedManyWithoutHospitalsInput,
           ?   dietary_orders?: dietary_or
dersCreateNestedManyWithoutHospitalsInput,
           ?   discharge_plans?: discharge
_plansCreateNestedManyWithoutHospitalsInpu
t,
           ?   domain_verifications?: doma
in_verificationsCreateNestedManyWithoutHos
pitalsInput,
           ?   emergency_logs?: emergency_
logsCreateNestedManyWithoutHospitalsInput,
           ?   fall_risk_assessments?: fal
l_risk_assessmentsCreateNestedManyWithoutH
ospitalsInput,
           ?   handoff_reports?: handoff_r
eportsCreateNestedManyWithoutHospitalsInpu
t,
           ?   hospital_admins?: hospital_
adminsCreateNestedManyWithoutHospitalsInpu
t,
           ?   hospital_app_builds?: hospi
tal_app_buildsCreateNestedManyWithoutHospi
talsInput,
           ?   hospital_assets?: hospital_
assetsCreateNestedManyWithoutHospitalsInpu
t,
           ?   hospital_audit_log?: hospit
al_audit_logCreateNestedManyWithoutHospita
lsInput,
           ?   hospital_branding?: hospita
l_brandingCreateNestedOneWithoutHospitalsI
nput,
           ?   insurance_claims?: insuranc
e_claimsCreateNestedManyWithoutHospitalsIn
put,
           ?   inventory_items?: inventory
_itemsCreateNestedManyWithoutHospitalsInpu
t,
           ?   invoice_items?: invoice_ite
msCreateNestedManyWithoutHospitalsInput,
           ?   invoices?: invoicesCreateNe
stedManyWithoutHospitalsInput,
           ?   lab_audit_log?: lab_audit_l
ogCreateNestedManyWithoutHospitalsInput,
           ?   lab_change_requests?: lab_c
hange_requestsCreateNestedManyWithoutHospi
talsInput,
           ?   lab_critical_alerts?: lab_c
ritical_alertsCreateNestedManyWithoutHospi
talsInput,
           ?   lab_orders?: lab_ordersCrea
teNestedManyWithoutHospitalsInput,
           ?   lab_package_items?: lab_pac
kage_itemsCreateNestedManyWithoutHospitals
Input,
           ?   lab_packages?: lab_packages
CreateNestedManyWithoutHospitalsInput,
           ?   lab_qc_materials?: lab_qc_m
aterialsCreateNestedManyWithoutHospitalsIn
put,
           ?   lab_qc_results?: lab_qc_res
ultsCreateNestedManyWithoutHospitalsInput,
           ?   lab_reagents?: lab_reagents
CreateNestedManyWithoutHospitalsInput,
           ?   lab_reference_ranges?: lab_
reference_rangesCreateNestedManyWithoutHos
pitalsInput,
           ?   lab_requests?: lab_requests
CreateNestedManyWithoutHospitalsInput,
           ?   lab_result_versions?: lab_r
esult_versionsCreateNestedManyWithoutHospi
talsInput,
           ?   lab_results?: lab_resultsCr
eateNestedManyWithoutHospitalsInput,
           ?   lab_test_types?: lab_test_t
ypesCreateNestedManyWithoutHospitalsInput,
           ?   mortuary_chambers?: mortuar
y_chambersCreateNestedManyWithoutHospitals
Input,
           ?   notification_preferences?: 
notification_preferencesCreateNestedManyWi
thoutHospitalsInput,
           ?   nursing_care_plans?: nursin
g_care_plansCreateNestedManyWithoutHospita
lsInput,
           ?   opd_queue?: opd_queueCreate
NestedManyWithoutHospitalsInput,
           ?   opd_visits?: opd_visitsCrea
teNestedManyWithoutHospitalsInput,
           ?   order_sets?: order_setsCrea
teNestedManyWithoutHospitalsInput,
           ?   parking_sessions?: parking_
sessionsCreateNestedManyWithoutHospitalsIn
put,
           ?   parking_violations?: parkin
g_violationsCreateNestedManyWithoutHospita
lsInput,
           ?   patient_care_plans?: patien
t_care_plansCreateNestedManyWithoutHospita
lsInput,
           ?   patient_consumables?: patie
nt_consumablesCreateNestedManyWithoutHospi
talsInput,
           ?   patients?: patientsCreateNe
stedManyWithoutHospitalsInput,
           ?   
payment_confirmation_settings?: payment_co
nfirmation_settingsCreateNestedOneWithoutH
ospitalsInput,
           ?   payment_settings?: payment_
settingsCreateNestedManyWithoutHospitalsIn
put,
           ?   payments?: paymentsCreateNe
stedManyWithoutHospitalsInput,
           ?   pending_charges?: pending_c
hargesCreateNestedManyWithoutHospitalsInpu
t,
           ?   pharmacy_refunds?: pharmacy
_refundsCreateNestedManyWithoutHospitalsIn
put,
           ?   pmjay_claims?: pmjay_claims
CreateNestedManyWithoutHospitalsInput,
           ?   
pmjay_hospital_empanelment?: pmjay_hospita
l_empanelmentCreateNestedOneWithoutHospita
lsInput,
           ?   pmjay_hospital_mappings?: p
mjay_hospital_mappingsCreateNestedManyWith
outHospitalsInput,
           ?   pmjay_package_usage?: pmjay
_package_usageCreateNestedManyWithoutHospi
talsInput,
           ?   po_items?: po_itemsCreateNe
stedManyWithoutHospitalsInput,
           ?   pos_transactions?: pos_tran
sactionsCreateNestedManyWithoutHospitalsIn
put,
           ?   prescriptions?: prescriptio
nsCreateNestedManyWithoutHospitalsInput,
           ?   purchase_orders?: purchase_
ordersCreateNestedManyWithoutHospitalsInpu
t,
           ?   radiology_orders?: radiolog
y_ordersCreateNestedManyWithoutHospitalsIn
put,
           ?   radiology_templates?: radio
logy_templatesCreateNestedManyWithoutHospi
talsInput,
           ?   reagent_usage_log?: reagent
_usage_logCreateNestedManyWithoutHospitals
Input,
           ?   role_permissions?: role_per
missionsCreateNestedManyWithoutHospitalsIn
put,
           ?   round_notes?: round_notesCr
eateNestedManyWithoutHospitalsInput,
           ?   security_checkpoints?: secu
rity_checkpointsCreateNestedManyWithoutHos
pitalsInput,
           ?   security_gates?: security_g
atesCreateNestedManyWithoutHospitalsInput,
           ?   security_incidents?: securi
ty_incidentsCreateNestedManyWithoutHospita
lsInput,
           ?   security_missions?: securit
y_missionsCreateNestedManyWithoutHospitals
Input,
           ?   shift_handoff_notes?: shift
_handoff_notesCreateNestedManyWithoutHospi
talsInput,
           ?   sms_settings?: sms_settings
CreateNestedOneWithoutHospitalsInput,
           ?   soap_notes?: soap_notesCrea
teNestedManyWithoutHospitalsInput,
           ?   suppliers?: suppliersCreate
NestedManyWithoutHospitalsInput,
           ?   surgery_blood_standards?: s
urgery_blood_standardsCreateNestedManyWith
outHospitalsInput,
           ?   tenant_integrations?: tenan
t_integrationsCreateNestedManyWithoutHospi
talsInput,
           ?   tenant_usage?: tenant_usage
CreateNestedManyWithoutHospitalsInput,
           ?   translations?: translations
CreateNestedManyWithoutHospitalsInput,
           ?   user_sessions?: user_sessio
nsCreateNestedManyWithoutHospitalsInput,
           ?   users?: usersCreateNestedMa
nyWithoutHospitalsInput,
           ?   vehicle_inspections?: vehic
le_inspectionsCreateNestedManyWithoutHospi
talsInput,
           ?   visitors?: visitorsCreateNe
stedManyWithoutHospitalsInput,
           ?   visits?: visitsCreateNested
ManyWithoutHospitalsInput,
           ?   vitals_logs?: vitals_logsCr
eateNestedManyWithoutHospitalsInput,
           ?   ward_consumables?: ward_con
sumablesCreateNestedManyWithoutHospitalsIn
put,
           ?   wards?: wardsCreateNestedMa
nyWithoutHospitalsInput,
           ?   webhooks?: webhooksCreateNe
stedManyWithoutHospitalsInput,
           ?   patient_links?: patient_lin
ksCreateNestedManyWithoutHospitalsInput,
           ?   edi_transmissions?: edi_tra
nsmissionsCreateNestedManyWithoutHospitals
Input,
           ?   dialysis_sessions?: dialysi
s_sessionsCreateNestedManyWithoutHospitals
Input
             }
           })

    Unknown argument `contact_email`. 
Available options are marked with ?.

      13 |   beforeAll(async () => {
      14 |     // 0. Create dummy User 
and Hospital for foreign keys
    > 15 |     hospital = await 
prisma.hospitals.create({
         |                ^
      16 |         data: {
      17 |              name: 
"Interceptor Test Hospital",
      18 |              code: "TEST-01",

      at wn (node_modules/@prisma/client/r
untime/library.js:29:1363)
      at $n.handleRequestError (node_modul
es/@prisma/client/runtime/library.js:121:6
958)
      at $n.handleAndLogRequestError (node
_modules/@prisma/client/runtime/library.js
:121:6623)
      at $n.request (node_modules/@prisma/
client/runtime/library.js:121:6307)
      at l (node_modules/@prisma/client/ru
ntime/library.js:130:9633)
      at Object.<anonymous> 
(tests/interceptor.test.js:15:16)

  ΓùÅ Billing Interceptor Boundary Rules 
ΓÇ║ Test 3a: Paracetamol 1 & 2 (Included 
Pharmacy limit 2)

    PrismaClientValidationError: 
    Invalid `prisma.hospitals.create()` 
invocation in
    C:\Users\HP\.gemini\antigravity\scratc
h\wolf-hms-stable\server\tests\interceptor
.test.js:15:39

      12 
      13 beforeAll(async () => {
      14   // 0. Create dummy User and 
Hospital for foreign keys
    ΓåÆ 15   hospital = await 
prisma.hospitals.create({
             data: {
               name: "Interceptor Test 
Hospital",
               code: "TEST-01",
               contact_email: 
"test@wolf.com",
               ~~~~~~~~~~~~~
           ?   parent_hospital_id?: Int | 
Null,
           ?   branch_type?: String,
           ?   subdomain?: String | Null,
           ?   custom_domain?: String | 
Null,
           ?   logo_url?: String | Null,
           ?   primary_color?: String | 
Null,
           ?   secondary_color?: String | 
Null,
           ?   address?: String | Null,
           ?   city?: String | Null,
           ?   state?: String | Null,
           ?   country?: String | Null,
           ?   phone?: String | Null,
           ?   email?: String | Null,
           ?   settings?: 
NullableJsonNullValueInput | Json,
           ?   subscription_tier?: String 
| Null,
           ?   subscription_start?: 
DateTime | Null,
           ?   subscription_end?: 
DateTime | Null,
           ?   is_active?: Boolean | Null,
           ?   created_at?: DateTime | 
Null,
           ?   updated_at?: DateTime | 
Null,
           ?   bed_count?: Int | Null,
           ?   staff_count?: Int | Null,
           ?   pricing_tier?: String | 
Null,
           ?   hospital_name?: String | 
Null,
           ?   hospital_domain?: String | 
Null,
           ?   status?: String | Null,
           ?   subscription_plan?: String 
| Null,
           ?   slug?: String | Null,
           ?   tagline?: String | Null,
           ?   registration_no?: String | 
Null,
           ?   features?: 
NullableJsonNullValueInput | Json,
           ?   adjustments?: adjustmentsCr
eateNestedManyWithoutHospitalsInput,
           ?   admissions?: admissionsCrea
teNestedManyWithoutHospitalsInput,
           ?   api_usage_stats?: api_usage
_statsCreateNestedManyWithoutHospitalsInpu
t,
           ?   appointments?: appointments
CreateNestedManyWithoutHospitalsInput,
           ?   archive_logs?: archive_logs
CreateNestedManyWithoutHospitalsInput,
           ?   bed_history?: bed_historyCr
eateNestedManyWithoutHospitalsInput,
           ?   beds?: 
bedsCreateNestedManyWithoutHospitalsInput,
           ?   care_plan_templates?: care_
plan_templatesCreateNestedManyWithoutHospi
talsInput,
           ?   care_tasks?: care_tasksCrea
teNestedManyWithoutHospitalsInput,
           ?   chat_messages?: chat_messag
esCreateNestedManyWithoutHospitalsInput,
           ?   claim_scrub_results?: claim
_scrub_resultsCreateNestedManyWithoutHospi
talsInput,
           ?   controlled_substance_log?: 
controlled_substance_logCreateNestedManyWi
thoutHospitalsInput,
           ?   death_records?: death_recor
dsCreateNestedManyWithoutHospitalsInput,
           ?   dietary_orders?: dietary_or
dersCreateNestedManyWithoutHospitalsInput,
           ?   discharge_plans?: discharge
_plansCreateNestedManyWithoutHospitalsInpu
t,
           ?   domain_verifications?: doma
in_verificationsCreateNestedManyWithoutHos
pitalsInput,
           ?   emergency_logs?: emergency_
logsCreateNestedManyWithoutHospitalsInput,
           ?   fall_risk_assessments?: fal
l_risk_assessmentsCreateNestedManyWithoutH
ospitalsInput,
           ?   handoff_reports?: handoff_r
eportsCreateNestedManyWithoutHospitalsInpu
t,
           ?   hospital_admins?: hospital_
adminsCreateNestedManyWithoutHospitalsInpu
t,
           ?   hospital_app_builds?: hospi
tal_app_buildsCreateNestedManyWithoutHospi
talsInput,
           ?   hospital_assets?: hospital_
assetsCreateNestedManyWithoutHospitalsInpu
t,
           ?   hospital_audit_log?: hospit
al_audit_logCreateNestedManyWithoutHospita
lsInput,
           ?   hospital_branding?: hospita
l_brandingCreateNestedOneWithoutHospitalsI
nput,
           ?   insurance_claims?: insuranc
e_claimsCreateNestedManyWithoutHospitalsIn
put,
           ?   inventory_items?: inventory
_itemsCreateNestedManyWithoutHospitalsInpu
t,
           ?   invoice_items?: invoice_ite
msCreateNestedManyWithoutHospitalsInput,
           ?   invoices?: invoicesCreateNe
stedManyWithoutHospitalsInput,
           ?   lab_audit_log?: lab_audit_l
ogCreateNestedManyWithoutHospitalsInput,
           ?   lab_change_requests?: lab_c
hange_requestsCreateNestedManyWithoutHospi
talsInput,
           ?   lab_critical_alerts?: lab_c
ritical_alertsCreateNestedManyWithoutHospi
talsInput,
           ?   lab_orders?: lab_ordersCrea
teNestedManyWithoutHospitalsInput,
           ?   lab_package_items?: lab_pac
kage_itemsCreateNestedManyWithoutHospitals
Input,
           ?   lab_packages?: lab_packages
CreateNestedManyWithoutHospitalsInput,
           ?   lab_qc_materials?: lab_qc_m
aterialsCreateNestedManyWithoutHospitalsIn
put,
           ?   lab_qc_results?: lab_qc_res
ultsCreateNestedManyWithoutHospitalsInput,
           ?   lab_reagents?: lab_reagents
CreateNestedManyWithoutHospitalsInput,
           ?   lab_reference_ranges?: lab_
reference_rangesCreateNestedManyWithoutHos
pitalsInput,
           ?   lab_requests?: lab_requests
CreateNestedManyWithoutHospitalsInput,
           ?   lab_result_versions?: lab_r
esult_versionsCreateNestedManyWithoutHospi
talsInput,
           ?   lab_results?: lab_resultsCr
eateNestedManyWithoutHospitalsInput,
           ?   lab_test_types?: lab_test_t
ypesCreateNestedManyWithoutHospitalsInput,
           ?   mortuary_chambers?: mortuar
y_chambersCreateNestedManyWithoutHospitals
Input,
           ?   notification_preferences?: 
notification_preferencesCreateNestedManyWi
thoutHospitalsInput,
           ?   nursing_care_plans?: nursin
g_care_plansCreateNestedManyWithoutHospita
lsInput,
           ?   opd_queue?: opd_queueCreate
NestedManyWithoutHospitalsInput,
           ?   opd_visits?: opd_visitsCrea
teNestedManyWithoutHospitalsInput,
           ?   order_sets?: order_setsCrea
teNestedManyWithoutHospitalsInput,
           ?   parking_sessions?: parking_
sessionsCreateNestedManyWithoutHospitalsIn
put,
           ?   parking_violations?: parkin
g_violationsCreateNestedManyWithoutHospita
lsInput,
           ?   patient_care_plans?: patien
t_care_plansCreateNestedManyWithoutHospita
lsInput,
           ?   patient_consumables?: patie
nt_consumablesCreateNestedManyWithoutHospi
talsInput,
           ?   patients?: patientsCreateNe
stedManyWithoutHospitalsInput,
           ?   
payment_confirmation_settings?: payment_co
nfirmation_settingsCreateNestedOneWithoutH
ospitalsInput,
           ?   payment_settings?: payment_
settingsCreateNestedManyWithoutHospitalsIn
put,
           ?   payments?: paymentsCreateNe
stedManyWithoutHospitalsInput,
           ?   pending_charges?: pending_c
hargesCreateNestedManyWithoutHospitalsInpu
t,
           ?   pharmacy_refunds?: pharmacy
_refundsCreateNestedManyWithoutHospitalsIn
put,
           ?   pmjay_claims?: pmjay_claims
CreateNestedManyWithoutHospitalsInput,
           ?   
pmjay_hospital_empanelment?: pmjay_hospita
l_empanelmentCreateNestedOneWithoutHospita
lsInput,
           ?   pmjay_hospital_mappings?: p
mjay_hospital_mappingsCreateNestedManyWith
outHospitalsInput,
           ?   pmjay_package_usage?: pmjay
_package_usageCreateNestedManyWithoutHospi
talsInput,
           ?   po_items?: po_itemsCreateNe
stedManyWithoutHospitalsInput,
           ?   pos_transactions?: pos_tran
sactionsCreateNestedManyWithoutHospitalsIn
put,
           ?   prescriptions?: prescriptio
nsCreateNestedManyWithoutHospitalsInput,
           ?   purchase_orders?: purchase_
ordersCreateNestedManyWithoutHospitalsInpu
t,
           ?   radiology_orders?: radiolog
y_ordersCreateNestedManyWithoutHospitalsIn
put,
           ?   radiology_templates?: radio
logy_templatesCreateNestedManyWithoutHospi
talsInput,
           ?   reagent_usage_log?: reagent
_usage_logCreateNestedManyWithoutHospitals
Input,
           ?   role_permissions?: role_per
missionsCreateNestedManyWithoutHospitalsIn
put,
           ?   round_notes?: round_notesCr
eateNestedManyWithoutHospitalsInput,
           ?   security_checkpoints?: secu
rity_checkpointsCreateNestedManyWithoutHos
pitalsInput,
           ?   security_gates?: security_g
atesCreateNestedManyWithoutHospitalsInput,
           ?   security_incidents?: securi
ty_incidentsCreateNestedManyWithoutHospita
lsInput,
           ?   security_missions?: securit
y_missionsCreateNestedManyWithoutHospitals
Input,
           ?   shift_handoff_notes?: shift
_handoff_notesCreateNestedManyWithoutHospi
talsInput,
           ?   sms_settings?: sms_settings
CreateNestedOneWithoutHospitalsInput,
           ?   soap_notes?: soap_notesCrea
teNestedManyWithoutHospitalsInput,
           ?   suppliers?: suppliersCreate
NestedManyWithoutHospitalsInput,
           ?   surgery_blood_standards?: s
urgery_blood_standardsCreateNestedManyWith
outHospitalsInput,
           ?   tenant_integrations?: tenan
t_integrationsCreateNestedManyWithoutHospi
talsInput,
           ?   tenant_usage?: tenant_usage
CreateNestedManyWithoutHospitalsInput,
           ?   translations?: translations
CreateNestedManyWithoutHospitalsInput,
           ?   user_sessions?: user_sessio
nsCreateNestedManyWithoutHospitalsInput,
           ?   users?: usersCreateNestedMa
nyWithoutHospitalsInput,
           ?   vehicle_inspections?: vehic
le_inspectionsCreateNestedManyWithoutHospi
talsInput,
           ?   visitors?: visitorsCreateNe
stedManyWithoutHospitalsInput,
           ?   visits?: visitsCreateNested
ManyWithoutHospitalsInput,
           ?   vitals_logs?: vitals_logsCr
eateNestedManyWithoutHospitalsInput,
           ?   ward_consumables?: ward_con
sumablesCreateNestedManyWithoutHospitalsIn
put,
           ?   wards?: wardsCreateNestedMa
nyWithoutHospitalsInput,
           ?   webhooks?: webhooksCreateNe
stedManyWithoutHospitalsInput,
           ?   patient_links?: patient_lin
ksCreateNestedManyWithoutHospitalsInput,
           ?   edi_transmissions?: edi_tra
nsmissionsCreateNestedManyWithoutHospitals
Input,
           ?   dialysis_sessions?: dialysi
s_sessionsCreateNestedManyWithoutHospitals
Input
             }
           })

    Unknown argument `contact_email`. 
Available options are marked with ?.

      13 |   beforeAll(async () => {
      14 |     // 0. Create dummy User 
and Hospital for foreign keys
    > 15 |     hospital = await 
prisma.hospitals.create({
         |                ^
      16 |         data: {
      17 |              name: 
"Interceptor Test Hospital",
      18 |              code: "TEST-01",

      at wn (node_modules/@prisma/client/r
untime/library.js:29:1363)
      at $n.handleRequestError (node_modul
es/@prisma/client/runtime/library.js:121:6
958)
      at $n.handleAndLogRequestError (node
_modules/@prisma/client/runtime/library.js
:121:6623)
      at $n.request (node_modules/@prisma/
client/runtime/library.js:121:6307)
      at l (node_modules/@prisma/client/ru
ntime/library.js:130:9633)
      at Object.<anonymous> 
(tests/interceptor.test.js:15:16)

  ΓùÅ Billing Interceptor Boundary Rules 
ΓÇ║ Test 3b: Paracetamol 3 (Over Limit)

    PrismaClientValidationError: 
    Invalid `prisma.hospitals.create()` 
invocation in
    C:\Users\HP\.gemini\antigravity\scratc
h\wolf-hms-stable\server\tests\interceptor
.test.js:15:39

      12 
      13 beforeAll(async () => {
      14   // 0. Create dummy User and 
Hospital for foreign keys
    ΓåÆ 15   hospital = await 
prisma.hospitals.create({
             data: {
               name: "Interceptor Test 
Hospital",
               code: "TEST-01",
               contact_email: 
"test@wolf.com",
               ~~~~~~~~~~~~~
           ?   parent_hospital_id?: Int | 
Null,
           ?   branch_type?: String,
           ?   subdomain?: String | Null,
           ?   custom_domain?: String | 
Null,
           ?   logo_url?: String | Null,
           ?   primary_color?: String | 
Null,
           ?   secondary_color?: String | 
Null,
           ?   address?: String | Null,
           ?   city?: String | Null,
           ?   state?: String | Null,
           ?   country?: String | Null,
           ?   phone?: String | Null,
           ?   email?: String | Null,
           ?   settings?: 
NullableJsonNullValueInput | Json,
           ?   subscription_tier?: String 
| Null,
           ?   subscription_start?: 
DateTime | Null,
           ?   subscription_end?: 
DateTime | Null,
           ?   is_active?: Boolean | Null,
           ?   created_at?: DateTime | 
Null,
           ?   updated_at?: DateTime | 
Null,
           ?   bed_count?: Int | Null,
           ?   staff_count?: Int | Null,
           ?   pricing_tier?: String | 
Null,
           ?   hospital_name?: String | 
Null,
           ?   hospital_domain?: String | 
Null,
           ?   status?: String | Null,
           ?   subscription_plan?: String 
| Null,
           ?   slug?: String | Null,
           ?   tagline?: String | Null,
           ?   registration_no?: String | 
Null,
           ?   features?: 
NullableJsonNullValueInput | Json,
           ?   adjustments?: adjustmentsCr
eateNestedManyWithoutHospitalsInput,
           ?   admissions?: admissionsCrea
teNestedManyWithoutHospitalsInput,
           ?   api_usage_stats?: api_usage
_statsCreateNestedManyWithoutHospitalsInpu
t,
           ?   appointments?: appointments
CreateNestedManyWithoutHospitalsInput,
           ?   archive_logs?: archive_logs
CreateNestedManyWithoutHospitalsInput,
           ?   bed_history?: bed_historyCr
eateNestedManyWithoutHospitalsInput,
           ?   beds?: 
bedsCreateNestedManyWithoutHospitalsInput,
           ?   care_plan_templates?: care_
plan_templatesCreateNestedManyWithoutHospi
talsInput,
           ?   care_tasks?: care_tasksCrea
teNestedManyWithoutHospitalsInput,
           ?   chat_messages?: chat_messag
esCreateNestedManyWithoutHospitalsInput,
           ?   claim_scrub_results?: claim
_scrub_resultsCreateNestedManyWithoutHospi
talsInput,
           ?   controlled_substance_log?: 
controlled_substance_logCreateNestedManyWi
thoutHospitalsInput,
           ?   death_records?: death_recor
dsCreateNestedManyWithoutHospitalsInput,
           ?   dietary_orders?: dietary_or
dersCreateNestedManyWithoutHospitalsInput,
           ?   discharge_plans?: discharge
_plansCreateNestedManyWithoutHospitalsInpu
t,
           ?   domain_verifications?: doma
in_verificationsCreateNestedManyWithoutHos
pitalsInput,
           ?   emergency_logs?: emergency_
logsCreateNestedManyWithoutHospitalsInput,
           ?   fall_risk_assessments?: fal
l_risk_assessmentsCreateNestedManyWithoutH
ospitalsInput,
           ?   handoff_reports?: handoff_r
eportsCreateNestedManyWithoutHospitalsInpu
t,
           ?   hospital_admins?: hospital_
adminsCreateNestedManyWithoutHospitalsInpu
t,
           ?   hospital_app_builds?: hospi
tal_app_buildsCreateNestedManyWithoutHospi
talsInput,
           ?   hospital_assets?: hospital_
assetsCreateNestedManyWithoutHospitalsInpu
t,
           ?   hospital_audit_log?: hospit
al_audit_logCreateNestedManyWithoutHospita
lsInput,
           ?   hospital_branding?: hospita
l_brandingCreateNestedOneWithoutHospitalsI
nput,
           ?   insurance_claims?: insuranc
e_claimsCreateNestedManyWithoutHospitalsIn
put,
           ?   inventory_items?: inventory
_itemsCreateNestedManyWithoutHospitalsInpu
t,
           ?   invoice_items?: invoice_ite
msCreateNestedManyWithoutHospitalsInput,
           ?   invoices?: invoicesCreateNe
stedManyWithoutHospitalsInput,
           ?   lab_audit_log?: lab_audit_l
ogCreateNestedManyWithoutHospitalsInput,
           ?   lab_change_requests?: lab_c
hange_requestsCreateNestedManyWithoutHospi
talsInput,
           ?   lab_critical_alerts?: lab_c
ritical_alertsCreateNestedManyWithoutHospi
talsInput,
           ?   lab_orders?: lab_ordersCrea
teNestedManyWithoutHospitalsInput,
           ?   lab_package_items?: lab_pac
kage_itemsCreateNestedManyWithoutHospitals
Input,
           ?   lab_packages?: lab_packages
CreateNestedManyWithoutHospitalsInput,
           ?   lab_qc_materials?: lab_qc_m
aterialsCreateNestedManyWithoutHospitalsIn
put,
           ?   lab_qc_results?: lab_qc_res
ultsCreateNestedManyWithoutHospitalsInput,
           ?   lab_reagents?: lab_reagents
CreateNestedManyWithoutHospitalsInput,
           ?   lab_reference_ranges?: lab_
reference_rangesCreateNestedManyWithoutHos
pitalsInput,
           ?   lab_requests?: lab_requests
CreateNestedManyWithoutHospitalsInput,
           ?   lab_result_versions?: lab_r
esult_versionsCreateNestedManyWithoutHospi
talsInput,
           ?   lab_results?: lab_resultsCr
eateNestedManyWithoutHospitalsInput,
           ?   lab_test_types?: lab_test_t
ypesCreateNestedManyWithoutHospitalsInput,
           ?   mortuary_chambers?: mortuar
y_chambersCreateNestedManyWithoutHospitals
Input,
           ?   notification_preferences?: 
notification_preferencesCreateNestedManyWi
thoutHospitalsInput,
           ?   nursing_care_plans?: nursin
g_care_plansCreateNestedManyWithoutHospita
lsInput,
           ?   opd_queue?: opd_queueCreate
NestedManyWithoutHospitalsInput,
           ?   opd_visits?: opd_visitsCrea
teNestedManyWithoutHospitalsInput,
           ?   order_sets?: order_setsCrea
teNestedManyWithoutHospitalsInput,
           ?   parking_sessions?: parking_
sessionsCreateNestedManyWithoutHospitalsIn
put,
           ?   parking_violations?: parkin
g_violationsCreateNestedManyWithoutHospita
lsInput,
           ?   patient_care_plans?: patien
t_care_plansCreateNestedManyWithoutHospita
lsInput,
           ?   patient_consumables?: patie
nt_consumablesCreateNestedManyWithoutHospi
talsInput,
           ?   patients?: patientsCreateNe
stedManyWithoutHospitalsInput,
           ?   
payment_confirmation_settings?: payment_co
nfirmation_settingsCreateNestedOneWithoutH
ospitalsInput,
           ?   payment_settings?: payment_
settingsCreateNestedManyWithoutHospitalsIn
put,
           ?   payments?: paymentsCreateNe
stedManyWithoutHospitalsInput,
           ?   pending_charges?: pending_c
hargesCreateNestedManyWithoutHospitalsInpu
t,
           ?   pharmacy_refunds?: pharmacy
_refundsCreateNestedManyWithoutHospitalsIn
put,
           ?   pmjay_claims?: pmjay_claims
CreateNestedManyWithoutHospitalsInput,
           ?   
pmjay_hospital_empanelment?: pmjay_hospita
l_empanelmentCreateNestedOneWithoutHospita
lsInput,
           ?   pmjay_hospital_mappings?: p
mjay_hospital_mappingsCreateNestedManyWith
outHospitalsInput,
           ?   pmjay_package_usage?: pmjay
_package_usageCreateNestedManyWithoutHospi
talsInput,
           ?   po_items?: po_itemsCreateNe
stedManyWithoutHospitalsInput,
           ?   pos_transactions?: pos_tran
sactionsCreateNestedManyWithoutHospitalsIn
put,
           ?   prescriptions?: prescriptio
nsCreateNestedManyWithoutHospitalsInput,
           ?   purchase_orders?: purchase_
ordersCreateNestedManyWithoutHospitalsInpu
t,
           ?   radiology_orders?: radiolog
y_ordersCreateNestedManyWithoutHospitalsIn
put,
           ?   radiology_templates?: radio
logy_templatesCreateNestedManyWithoutHospi
talsInput,
           ?   reagent_usage_log?: reagent
_usage_logCreateNestedManyWithoutHospitals
Input,
           ?   role_permissions?: role_per
missionsCreateNestedManyWithoutHospitalsIn
put,
           ?   round_notes?: round_notesCr
eateNestedManyWithoutHospitalsInput,
           ?   security_checkpoints?: secu
rity_checkpointsCreateNestedManyWithoutHos
pitalsInput,
           ?   security_gates?: security_g
atesCreateNestedManyWithoutHospitalsInput,
           ?   security_incidents?: securi
ty_incidentsCreateNestedManyWithoutHospita
lsInput,
           ?   security_missions?: securit
y_missionsCreateNestedManyWithoutHospitals
Input,
           ?   shift_handoff_notes?: shift
_handoff_notesCreateNestedManyWithoutHospi
talsInput,
           ?   sms_settings?: sms_settings
CreateNestedOneWithoutHospitalsInput,
           ?   soap_notes?: soap_notesCrea
teNestedManyWithoutHospitalsInput,
           ?   suppliers?: suppliersCreate
NestedManyWithoutHospitalsInput,
           ?   surgery_blood_standards?: s
urgery_blood_standardsCreateNestedManyWith
outHospitalsInput,
           ?   tenant_integrations?: tenan
t_integrationsCreateNestedManyWithoutHospi
talsInput,
           ?   tenant_usage?: tenant_usage
CreateNestedManyWithoutHospitalsInput,
           ?   translations?: translations
CreateNestedManyWithoutHospitalsInput,
           ?   user_sessions?: user_sessio
nsCreateNestedManyWithoutHospitalsInput,
           ?   users?: usersCreateNestedMa
nyWithoutHospitalsInput,
           ?   vehicle_inspections?: vehic
le_inspectionsCreateNestedManyWithoutHospi
talsInput,
           ?   visitors?: visitorsCreateNe
stedManyWithoutHospitalsInput,
           ?   visits?: visitsCreateNested
ManyWithoutHospitalsInput,
           ?   vitals_logs?: vitals_logsCr
eateNestedManyWithoutHospitalsInput,
           ?   ward_consumables?: ward_con
sumablesCreateNestedManyWithoutHospitalsIn
put,
           ?   wards?: wardsCreateNestedMa
nyWithoutHospitalsInput,
           ?   webhooks?: webhooksCreateNe
stedManyWithoutHospitalsInput,
           ?   patient_links?: patient_lin
ksCreateNestedManyWithoutHospitalsInput,
           ?   edi_transmissions?: edi_tra
nsmissionsCreateNestedManyWithoutHospitals
Input,
           ?   dialysis_sessions?: dialysi
s_sessionsCreateNestedManyWithoutHospitals
Input
             }
           })

    Unknown argument `contact_email`. 
Available options are marked with ?.

      13 |   beforeAll(async () => {
      14 |     // 0. Create dummy User 
and Hospital for foreign keys
    > 15 |     hospital = await 
prisma.hospitals.create({
         |                ^
      16 |         data: {
      17 |              name: 
"Interceptor Test Hospital",
      18 |              code: "TEST-01",

      at wn (node_modules/@prisma/client/r
untime/library.js:29:1363)
      at $n.handleRequestError (node_modul
es/@prisma/client/runtime/library.js:121:6
958)
      at $n.handleAndLogRequestError (node
_modules/@prisma/client/runtime/library.js
:121:6623)
      at $n.request (node_modules/@prisma/
client/runtime/library.js:121:6307)
      at l (node_modules/@prisma/client/ru
ntime/library.js:130:9633)
      at Object.<anonymous> 
(tests/interceptor.test.js:15:16)

  ΓùÅ Billing Interceptor Boundary Rules 
ΓÇ║ Test 4: Room Days Limits (3 days 
general)

    PrismaClientValidationError: 
    Invalid `prisma.hospitals.create()` 
invocation in
    C:\Users\HP\.gemini\antigravity\scratc
h\wolf-hms-stable\server\tests\interceptor
.test.js:15:39

      12 
      13 beforeAll(async () => {
      14   // 0. Create dummy User and 
Hospital for foreign keys
    ΓåÆ 15   hospital = await 
prisma.hospitals.create({
             data: {
               name: "Interceptor Test 
Hospital",
               code: "TEST-01",
               contact_email: 
"test@wolf.com",
               ~~~~~~~~~~~~~
           ?   parent_hospital_id?: Int | 
Null,
           ?   branch_type?: String,
           ?   subdomain?: String | Null,
           ?   custom_domain?: String | 
Null,
           ?   logo_url?: String | Null,
           ?   primary_color?: String | 
Null,
           ?   secondary_color?: String | 
Null,
           ?   address?: String | Null,
           ?   city?: String | Null,
           ?   state?: String | Null,
           ?   country?: String | Null,
           ?   phone?: String | Null,
           ?   email?: String | Null,
           ?   settings?: 
NullableJsonNullValueInput | Json,
           ?   subscription_tier?: String 
| Null,
           ?   subscription_start?: 
DateTime | Null,
           ?   subscription_end?: 
DateTime | Null,
           ?   is_active?: Boolean | Null,
           ?   created_at?: DateTime | 
Null,
           ?   updated_at?: DateTime | 
Null,
           ?   bed_count?: Int | Null,
           ?   staff_count?: Int | Null,
           ?   pricing_tier?: String | 
Null,
           ?   hospital_name?: String | 
Null,
           ?   hospital_domain?: String | 
Null,
           ?   status?: String | Null,
           ?   subscription_plan?: String 
| Null,
           ?   slug?: String | Null,
           ?   tagline?: String | Null,
           ?   registration_no?: String | 
Null,
           ?   features?: 
NullableJsonNullValueInput | Json,
           ?   adjustments?: adjustmentsCr
eateNestedManyWithoutHospitalsInput,
           ?   admissions?: admissionsCrea
teNestedManyWithoutHospitalsInput,
           ?   api_usage_stats?: api_usage
_statsCreateNestedManyWithoutHospitalsInpu
t,
           ?   appointments?: appointments
CreateNestedManyWithoutHospitalsInput,
           ?   archive_logs?: archive_logs
CreateNestedManyWithoutHospitalsInput,
           ?   bed_history?: bed_historyCr
eateNestedManyWithoutHospitalsInput,
           ?   beds?: 
bedsCreateNestedManyWithoutHospitalsInput,
           ?   care_plan_templates?: care_
plan_templatesCreateNestedManyWithoutHospi
talsInput,
           ?   care_tasks?: care_tasksCrea
teNestedManyWithoutHospitalsInput,
           ?   chat_messages?: chat_messag
esCreateNestedManyWithoutHospitalsInput,
           ?   claim_scrub_results?: claim
_scrub_resultsCreateNestedManyWithoutHospi
talsInput,
           ?   controlled_substance_log?: 
controlled_substance_logCreateNestedManyWi
thoutHospitalsInput,
           ?   death_records?: death_recor
dsCreateNestedManyWithoutHospitalsInput,
           ?   dietary_orders?: dietary_or
dersCreateNestedManyWithoutHospitalsInput,
           ?   discharge_plans?: discharge
_plansCreateNestedManyWithoutHospitalsInpu
t,
           ?   domain_verifications?: doma
in_verificationsCreateNestedManyWithoutHos
pitalsInput,
           ?   emergency_logs?: emergency_
logsCreateNestedManyWithoutHospitalsInput,
           ?   fall_risk_assessments?: fal
l_risk_assessmentsCreateNestedManyWithoutH
ospitalsInput,
           ?   handoff_reports?: handoff_r
eportsCreateNestedManyWithoutHospitalsInpu
t,
           ?   hospital_admins?: hospital_
adminsCreateNestedManyWithoutHospitalsInpu
t,
           ?   hospital_app_builds?: hospi
tal_app_buildsCreateNestedManyWithoutHospi
talsInput,
           ?   hospital_assets?: hospital_
assetsCreateNestedManyWithoutHospitalsInpu
t,
           ?   hospital_audit_log?: hospit
al_audit_logCreateNestedManyWithoutHospita
lsInput,
           ?   hospital_branding?: hospita
l_brandingCreateNestedOneWithoutHospitalsI
nput,
           ?   insurance_claims?: insuranc
e_claimsCreateNestedManyWithoutHospitalsIn
put,
           ?   inventory_items?: inventory
_itemsCreateNestedManyWithoutHospitalsInpu
t,
           ?   invoice_items?: invoice_ite
msCreateNestedManyWithoutHospitalsInput,
           ?   invoices?: invoicesCreateNe
stedManyWithoutHospitalsInput,
           ?   lab_audit_log?: lab_audit_l
ogCreateNestedManyWithoutHospitalsInput,
           ?   lab_change_requests?: lab_c
hange_requestsCreateNestedManyWithoutHospi
talsInput,
           ?   lab_critical_alerts?: lab_c
ritical_alertsCreateNestedManyWithoutHospi
talsInput,
           ?   lab_orders?: lab_ordersCrea
teNestedManyWithoutHospitalsInput,
           ?   lab_package_items?: lab_pac
kage_itemsCreateNestedManyWithoutHospitals
Input,
           ?   lab_packages?: lab_packages
CreateNestedManyWithoutHospitalsInput,
           ?   lab_qc_materials?: lab_qc_m
aterialsCreateNestedManyWithoutHospitalsIn
put,
           ?   lab_qc_results?: lab_qc_res
ultsCreateNestedManyWithoutHospitalsInput,
           ?   lab_reagents?: lab_reagents
CreateNestedManyWithoutHospitalsInput,
           ?   lab_reference_ranges?: lab_
reference_rangesCreateNestedManyWithoutHos
pitalsInput,
           ?   lab_requests?: lab_requests
CreateNestedManyWithoutHospitalsInput,
           ?   lab_result_versions?: lab_r
esult_versionsCreateNestedManyWithoutHospi
talsInput,
           ?   lab_results?: lab_resultsCr
eateNestedManyWithoutHospitalsInput,
           ?   lab_test_types?: lab_test_t
ypesCreateNestedManyWithoutHospitalsInput,
           ?   mortuary_chambers?: mortuar
y_chambersCreateNestedManyWithoutHospitals
Input,
           ?   notification_preferences?: 
notification_preferencesCreateNestedManyWi
thoutHospitalsInput,
           ?   nursing_care_plans?: nursin
g_care_plansCreateNestedManyWithoutHospita
lsInput,
           ?   opd_queue?: opd_queueCreate
NestedManyWithoutHospitalsInput,
           ?   opd_visits?: opd_visitsCrea
teNestedManyWithoutHospitalsInput,
           ?   order_sets?: order_setsCrea
teNestedManyWithoutHospitalsInput,
           ?   parking_sessions?: parking_
sessionsCreateNestedManyWithoutHospitalsIn
put,
           ?   parking_violations?: parkin
g_violationsCreateNestedManyWithoutHospita
lsInput,
           ?   patient_care_plans?: patien
t_care_plansCreateNestedManyWithoutHospita
lsInput,
           ?   patient_consumables?: patie
nt_consumablesCreateNestedManyWithoutHospi
talsInput,
           ?   patients?: patientsCreateNe
stedManyWithoutHospitalsInput,
           ?   
payment_confirmation_settings?: payment_co
nfirmation_settingsCreateNestedOneWithoutH
ospitalsInput,
           ?   payment_settings?: payment_
settingsCreateNestedManyWithoutHospitalsIn
put,
           ?   payments?: paymentsCreateNe
stedManyWithoutHospitalsInput,
           ?   pending_charges?: pending_c
hargesCreateNestedManyWithoutHospitalsInpu
t,
           ?   pharmacy_refunds?: pharmacy
_refundsCreateNestedManyWithoutHospitalsIn
put,
           ?   pmjay_claims?: pmjay_claims
CreateNestedManyWithoutHospitalsInput,
           ?   
pmjay_hospital_empanelment?: pmjay_hospita
l_empanelmentCreateNestedOneWithoutHospita
lsInput,
           ?   pmjay_hospital_mappings?: p
mjay_hospital_mappingsCreateNestedManyWith
outHospitalsInput,
           ?   pmjay_package_usage?: pmjay
_package_usageCreateNestedManyWithoutHospi
talsInput,
           ?   po_items?: po_itemsCreateNe
stedManyWithoutHospitalsInput,
           ?   pos_transactions?: pos_tran
sactionsCreateNestedManyWithoutHospitalsIn
put,
           ?   prescriptions?: prescriptio
nsCreateNestedManyWithoutHospitalsInput,
           ?   purchase_orders?: purchase_
ordersCreateNestedManyWithoutHospitalsInpu
t,
           ?   radiology_orders?: radiolog
y_ordersCreateNestedManyWithoutHospitalsIn
put,
           ?   radiology_templates?: radio
logy_templatesCreateNestedManyWithoutHospi
talsInput,
           ?   reagent_usage_log?: reagent
_usage_logCreateNestedManyWithoutHospitals
Input,
           ?   role_permissions?: role_per
missionsCreateNestedManyWithoutHospitalsIn
put,
           ?   round_notes?: round_notesCr
eateNestedManyWithoutHospitalsInput,
           ?   security_checkpoints?: secu
rity_checkpointsCreateNestedManyWithoutHos
pitalsInput,
           ?   security_gates?: security_g
atesCreateNestedManyWithoutHospitalsInput,
           ?   security_incidents?: securi
ty_incidentsCreateNestedManyWithoutHospita
lsInput,
           ?   security_missions?: securit
y_missionsCreateNestedManyWithoutHospitals
Input,
           ?   shift_handoff_notes?: shift
_handoff_notesCreateNestedManyWithoutHospi
talsInput,
           ?   sms_settings?: sms_settings
CreateNestedOneWithoutHospitalsInput,
           ?   soap_notes?: soap_notesCrea
teNestedManyWithoutHospitalsInput,
           ?   suppliers?: suppliersCreate
NestedManyWithoutHospitalsInput,
           ?   surgery_blood_standards?: s
urgery_blood_standardsCreateNestedManyWith
outHospitalsInput,
           ?   tenant_integrations?: tenan
t_integrationsCreateNestedManyWithoutHospi
talsInput,
           ?   tenant_usage?: tenant_usage
CreateNestedManyWithoutHospitalsInput,
           ?   translations?: translations
CreateNestedManyWithoutHospitalsInput,
           ?   user_sessions?: user_sessio
nsCreateNestedManyWithoutHospitalsInput,
           ?   users?: usersCreateNestedMa
nyWithoutHospitalsInput,
           ?   vehicle_inspections?: vehic
le_inspectionsCreateNestedManyWithoutHospi
talsInput,
           ?   visitors?: visitorsCreateNe
stedManyWithoutHospitalsInput,
           ?   visits?: visitsCreateNested
ManyWithoutHospitalsInput,
           ?   vitals_logs?: vitals_logsCr
eateNestedManyWithoutHospitalsInput,
           ?   ward_consumables?: ward_con
sumablesCreateNestedManyWithoutHospitalsIn
put,
           ?   wards?: wardsCreateNestedMa
nyWithoutHospitalsInput,
           ?   webhooks?: webhooksCreateNe
stedManyWithoutHospitalsInput,
           ?   patient_links?: patient_lin
ksCreateNestedManyWithoutHospitalsInput,
           ?   edi_transmissions?: edi_tra
nsmissionsCreateNestedManyWithoutHospitals
Input,
           ?   dialysis_sessions?: dialysi
s_sessionsCreateNestedManyWithoutHospitals
Input
             }
           })

    Unknown argument `contact_email`. 
Available options are marked with ?.

      13 |   beforeAll(async () => {
      14 |     // 0. Create dummy User 
and Hospital for foreign keys
    > 15 |     hospital = await 
prisma.hospitals.create({
         |                ^
      16 |         data: {
      17 |              name: 
"Interceptor Test Hospital",
      18 |              code: "TEST-01",

      at wn (node_modules/@prisma/client/r
untime/library.js:29:1363)
      at $n.handleRequestError (node_modul
es/@prisma/client/runtime/library.js:121:6
958)
      at $n.handleAndLogRequestError (node
_modules/@prisma/client/runtime/library.js
:121:6623)
      at $n.request (node_modules/@prisma/
client/runtime/library.js:121:6307)
      at l (node_modules/@prisma/client/ru
ntime/library.js:130:9633)
      at Object.<anonymous> 
(tests/interceptor.test.js:15:16)


  ΓùÅ Test suite failed to run

    TypeError: Cannot read properties of 
undefined (reading 'id')

      76 |   afterAll(async () => {
      77 |       // Cleanup
    > 78 |       await 
prisma.package_usage_log.deleteMany({ 
where: { patient_package_id: 
patientPkg.id } });
         |                                
                                          
                 ^
      79 |       await 
prisma.patient_packages.delete({ where: { 
id: patientPkg.id }});
      80 |       await 
prisma.treatment_packages.delete({ where: 
{ id: pkg.id }});
      81 |       await 
prisma.patients.delete({ where: { id: 
patient.id }});

      at Object.id 
(tests/interceptor.test.js:78:91)

Test Suites: 1 failed, 1 total
Tests:       5 failed, 5 total
Snapshots:   0 total
Time:        0.359 s, estimated 1 s
Ran all test suites matching 
tests/interceptor.test.js.
